0 verbose cli /usr/local/bin/node /usr/local/bin/npm
1 info using npm@10.9.4
2 info using node@v22.21.0
3 silly config load:file:/usr/local/lib/node_modules/npm/npmrc
4 silly config load:file:/Users/rudrapratapsinghparmar/Desktop/globeroutes/server/.npmrc
5 silly config load:file:/Users/rudrapratapsinghparmar/.npmrc
6 silly config load:file:/usr/local/etc/npmrc
7 verbose title npm install helmet express-mongo-sanitize
8 verbose argv "install" "helmet" "express-mongo-sanitize"
9 verbose logfile logs-max:10 dir:/Users/rudrapratapsinghparmar/Desktop/globeroutes/.npm_cache/_logs/2026-06-01T06_19_33_535Z-
10 verbose logfile /Users/rudrapratapsinghparmar/Desktop/globeroutes/.npm_cache/_logs/2026-06-01T06_19_33_535Z-debug-0.log
11 silly logfile done cleaning log files
12 silly packumentCache heap:2197815296 maxSize:549453824 maxEntrySize:274726912
13 http fetch GET https://registry.npmjs.org/npm attempt 1 failed with ENOTFOUND
14 silly idealTree buildDeps
15 silly fetch manifest helmet@*
16 silly packumentCache full:https://registry.npmjs.org/helmet cache-miss
17 http fetch GET https://registry.npmjs.org/helmet attempt 1 failed with ENOTFOUND
18 http fetch GET https://registry.npmjs.org/npm attempt 2 failed with ENOTFOUND
19 http fetch GET https://registry.npmjs.org/helmet attempt 2 failed with ENOTFOUND
20 http fetch GET https://registry.npmjs.org/npm attempt 3 failed with ENOTFOUND
21 http fetch GET https://registry.npmjs.org/helmet attempt 3 failed with ENOTFOUND
22 silly fetch manifest express-mongo-sanitize@*
23 silly packumentCache full:https://registry.npmjs.org/express-mongo-sanitize cache-miss
24 http fetch GET https://registry.npmjs.org/express-mongo-sanitize attempt 1 failed with ENOTFOUND
25 http fetch GET https://registry.npmjs.org/express-mongo-sanitize attempt 2 failed with ENOTFOUND
26 http fetch GET https://registry.npmjs.org/express-mongo-sanitize attempt 3 failed with ENOTFOUND
27 silly placeDep ROOT express-mongo-sanitize@ OK for: globeroutes-backend@1.0.0 want: *
28 silly placeDep ROOT helmet@ OK for: globeroutes-backend@1.0.0 want: *
29 verbose type system
30 verbose stack FetchError: request to https://registry.npmjs.org/express-mongo-sanitize failed, reason: getaddrinfo ENOTFOUND registry.npmjs.org
30 verbose stack     at ClientRequest.<anonymous> (/usr/local/lib/node_modules/npm/node_modules/minipass-fetch/lib/index.js:130:14)
30 verbose stack     at ClientRequest.emit (node:events:519:28)
30 verbose stack     at emitErrorEvent (node:_http_client:107:11)
30 verbose stack     at _destroy (node:_http_client:954:9)
30 verbose stack     at onSocketNT (node:_http_client:974:5)
30 verbose stack     at process.processTicksAndRejections (node:internal/process/task_queues:91:21)
31 error code ENOTFOUND
32 error syscall getaddrinfo
33 error errno ENOTFOUND
34 error network request to https://registry.npmjs.org/express-mongo-sanitize failed, reason: getaddrinfo ENOTFOUND registry.npmjs.org
35 error network This is a problem related to network connectivity.
35 error network In most cases you are behind a proxy or have bad network settings.
35 error network
35 error network If you are behind a proxy, please make sure that the
35 error network 'proxy' config is set properly.  See: 'npm help config'
36 silly unfinished npm timer reify 1780294773811
37 silly unfinished npm timer reify:loadTrees 1780294773812
38 verbose cwd /Users/rudrapratapsinghparmar/Desktop/globeroutes/server
39 verbose os Darwin 25.5.0
40 verbose node v22.21.0
41 verbose npm  v10.9.4
42 verbose exit 1
43 verbose code 1
44 error A complete log of this run can be found in: /Users/rudrapratapsinghparmar/Desktop/globeroutes/.npm_cache/_logs/2026-06-01T06_19_33_535Z-debug-0.log
